// Jest Snapshot v1, https://goo.gl/fbAQLP

exports[`App component only should be mounted correctly 1`] = `
<div
  className="hello-wrapper coz-sticky"
>
  <Sidebar />
  <main
    className="hello-content"
  >
    <AppRoutes />
  </main>
</div>
`;
